2026-09-14 05:56:36,790 - app - WARNING - MongoDB connection attempt failed, retrying... (1/3)
2026-09-14 05:56:36,790 - app - WARNING - MongoDB connection attempt failed, retrying... (2/3)
2026-09-14 05:56:36,801 - app - ERROR - Failed to connect to MongoDB after 3 attempts: The DNS query name does not exist: _mongodb._tcp.gsusers.8wjxr.mongodb.net.
2026-09-14 05:56:58,222 - app - INFO - Successfully connected to MongoDB
2026-09-14 05:56:58,225 - app - INFO - MongoDB collections initialized
2026-09-14 05:56:58,225 - app - INFO - Successfully initialized Twilio client
2026-09-14 05:56:58,968 - absl - WARNING - Compiled the loaded model, but the compiled metrics have yet to be built. `model.compile_metrics` will be empty until you train or evaluate the model.
2026-09-14 05:56:58,974 - absl - WARNING - Error in loading the saved optimizer state. As a result, your model is starting with a freshly initialized optimizer.
2026-09-14 05:56:58,975 - app - INFO - Successfully loaded ASL model from asl_model1.h5
2026-09-14 06:17:32,077 - __main__ - INFO - Successfully connected to MongoDB
2026-09-14 06:17:32,078 - __main__ - INFO - MongoDB collections initialized
2026-09-14 06:17:32,078 - __main__ - INFO - Successfully initialized Twilio client
2026-09-14 06:17:33,589 - absl - WARNING - Compiled the loaded model, but the compiled metrics have yet to be built. `model.compile_metrics` will be empty until you train or evaluate the model.
2026-09-14 06:17:33,628 - absl - WARNING - Error in loading the saved optimizer state. As a result, your model is starting with a freshly initialized optimizer.
2026-09-14 06:17:33,639 - __main__ - INFO - Successfully loaded ASL model from asl_model1.h5
2026-09-14 06:17:33,770 - __main__ - INFO - Completed room cleanup
2026-09-14 06:20:23,491 - twilio.http_client - INFO - -- BEGIN Twilio API Request --
2026-09-14 06:20:23,494 - twilio.http_client - INFO - POST Request: https://api.twilio.com/2010-04-01/Accounts/ACbc271c75232fa7cba0188f1b3f8618a2/Messages.json
2026-09-14 06:20:23,494 - twilio.http_client - INFO - Headers:
2026-09-14 06:20:23,494 - twilio.http_client - INFO - Content-Type : application/x-www-form-urlencoded
2026-09-14 06:20:23,494 - twilio.http_client - INFO - User-Agent : twilio-python/9.3.6 (Windows AMD64) Python/3.11.7
2026-09-14 06:20:23,494 - twilio.http_client - INFO - X-Twilio-Client : python-9.3.6
2026-09-14 06:20:23,494 - twilio.http_client - INFO - Accept-Charset : utf-8
2026-09-14 06:20:23,494 - twilio.http_client - INFO - Accept : application/json
2026-09-14 06:20:23,495 - twilio.http_client - INFO - -- END Twilio API Request --
2026-09-14 06:20:24,337 - twilio.http_client - INFO - Response Status Code: 400
2026-09-14 06:20:24,337 - twilio.http_client - INFO - Response Headers: {'Content-Type': 'application/json', 'Content-Length': '174', 'Connection': 'keep-alive', 'Date': 'Mon, 14 Sep 2026 00:50:24 GMT', 'X-Twilio-Error-Code': '21659', 'Twilio-Concurrent-Requests': '1', 'Twilio-Request-Id': 'RQa9de508c5065e94d39e24441c6d3cb5a', 'Twilio-Request-Duration': '0.098', 'X-Home-Region': 'us1', 'X-API-Domain': 'api.twilio.com', 'Strict-Transport-Security': 'max-age=31536000', 'X-Cache': 'Error from cloudfront', 'Via': '1.1 b3240d3b97f7b0d931873dfeb9d27012.cloudfront.net (CloudFront)', 'X-Amz-Cf-Pop': 'HYD57-P7', 'X-Amz-Cf-Id': 'LVog8qook_dSDPzzOO7mEX9JoSbk845COvi7fGc2PaQrHqrgS-GgQw==', 'X-Powered-By': 'AT-5000', 'X-Shenanigans': 'none', 'Vary': 'Origin'}
2026-09-14 06:20:24,338 - __main__ - ERROR - Failed to send OTP: HTTP 400 error: Unable to create record: 'From' +17407600895 is not a Twilio phone number or Short Code country mismatch
2026-09-14 06:22:33,783 - __main__ - INFO - Completed room cleanup
2026-09-14 06:27:33,815 - __main__ - INFO - Completed room cleanup
2026-09-14 06:28:08,000 - __main__ - INFO - Successfully connected to MongoDB
2026-09-14 06:28:08,001 - __main__ - INFO - MongoDB collections initialized
2026-09-14 06:28:08,001 - __main__ - INFO - Successfully initialized Twilio client
2026-09-14 06:28:08,835 - absl - WARNING - Compiled the loaded model, but the compiled metrics have yet to be built. `model.compile_metrics` will be empty until you train or evaluate the model.
2026-09-14 06:28:08,842 - absl - WARNING - Error in loading the saved optimizer state. As a result, your model is starting with a freshly initialized optimizer.
2026-09-14 06:28:08,844 - __main__ - INFO - Successfully loaded ASL model from asl_model1.h5
2026-09-14 06:28:08,907 - __main__ - INFO - Completed room cleanup
2026-09-14 06:29:30,082 - __main__ - INFO - Room created successfully: Y8RFILUC
2026-09-14 06:29:30,375 - call - INFO - Client connected: AemCCGQPP4eu7dSfAAAB
2026-09-14 06:29:30,375 - socketio.server - INFO - emitting event "connection_success" to AemCCGQPP4eu7dSfAAAB [/]
2026-09-14 06:29:38,340 - socketio.server - INFO - received event "join_room" from AemCCGQPP4eu7dSfAAAB [/]
2026-09-14 06:29:38,341 - socketio.server - INFO - AemCCGQPP4eu7dSfAAAB is entering room Y8RFILUC [/]
2026-09-14 06:29:38,342 - socketio.server - INFO - emitting event "user_joined" to Y8RFILUC [/]
2026-09-14 06:29:38,342 - socketio.server - INFO - emitting event "room_participants" to AemCCGQPP4eu7dSfAAAB [/]
2026-09-14 06:29:38,342 - call - INFO - User james_2003 joined room Y8RFILUC
2026-09-14 06:29:57,235 - __main__ - ERROR - Prediction error: 'charmap' codec can't encode characters in position 19-38: character maps to <undefined>
2026-09-14 06:29:58,617 - __main__ - ERROR - Prediction error: 'charmap' codec can't encode characters in position 19-38: character maps to <undefined>
2026-09-14 06:30:04,464 - socketio.server - INFO - received event "leave_room" from AemCCGQPP4eu7dSfAAAB [/]
2026-09-14 06:30:04,466 - socketio.server - INFO - AemCCGQPP4eu7dSfAAAB is leaving room Y8RFILUC [/]
2026-09-14 06:30:04,466 - socketio.server - INFO - emitting event "user_left" to Y8RFILUC [/]
2026-09-14 06:31:08,601 - __main__ - ERROR - Prediction error: 'charmap' codec can't encode characters in position 19-38: character maps to <undefined>
2026-09-14 06:31:09,547 - __main__ - ERROR - Prediction error: 'charmap' codec can't encode characters in position 19-38: character maps to <undefined>
2026-09-14 06:31:10,497 - __main__ - ERROR - Prediction error: 'charmap' codec can't encode characters in position 19-38: character maps to <undefined>
2026-09-14 06:31:11,461 - __main__ - ERROR - Prediction error: 'charmap' codec can't encode characters in position 19-38: character maps to <undefined>
2026-09-14 06:31:12,518 - __main__ - ERROR - Prediction error: 'charmap' codec can't encode characters in position 19-38: character maps to <undefined>
2026-09-14 06:31:13,482 - __main__ - ERROR - Prediction error: 'charmap' codec can't encode characters in position 19-38: character maps to <undefined>
2026-09-14 06:31:14,436 - __main__ - ERROR - Prediction error: 'charmap' codec can't encode characters in position 19-38: character maps to <undefined>
2026-09-14 06:31:15,526 - __main__ - ERROR - Prediction error: 'charmap' codec can't encode characters in position 19-38: character maps to <undefined>
2026-09-14 06:31:16,432 - __main__ - ERROR - Prediction error: 'charmap' codec can't encode characters in position 19-38: character maps to <undefined>
2026-09-14 06:31:17,503 - __main__ - ERROR - Prediction error: 'charmap' codec can't encode characters in position 19-38: character maps to <undefined>
2026-09-14 06:33:09,008 - __main__ - INFO - Completed room cleanup
2026-09-14 06:34:46,986 - app - INFO - Successfully connected to MongoDB
2026-09-14 06:34:46,986 - app - INFO - MongoDB collections initialized
2026-09-14 06:34:46,988 - app - INFO - Successfully initialized Twilio client
2026-09-14 06:34:48,817 - absl - WARNING - Compiled the loaded model, but the compiled metrics have yet to be built. `model.compile_metrics` will be empty until you train or evaluate the model.
2026-09-14 06:34:48,850 - absl - WARNING - Error in loading the saved optimizer state. As a result, your model is starting with a freshly initialized optimizer.
2026-09-14 06:34:48,866 - app - INFO - Successfully loaded ASL model from asl_model1.h5
2026-09-14 06:35:29,226 - __main__ - INFO - Successfully connected to MongoDB
2026-09-14 06:35:29,226 - __main__ - INFO - MongoDB collections initialized
2026-09-14 06:35:29,226 - __main__ - INFO - Successfully initialized Twilio client
2026-09-14 06:35:30,101 - absl - WARNING - Compiled the loaded model, but the compiled metrics have yet to be built. `model.compile_metrics` will be empty until you train or evaluate the model.
2026-09-14 06:35:30,109 - absl - WARNING - Error in loading the saved optimizer state. As a result, your model is starting with a freshly initialized optimizer.
2026-09-14 06:35:30,112 - __main__ - INFO - Successfully loaded ASL model from asl_model1.h5
2026-09-14 06:35:30,156 - __main__ - INFO - Completed room cleanup
2026-09-14 06:35:35,823 - __main__ - INFO - Room created successfully: 5PPER0AN
2026-09-14 06:35:36,149 - call - INFO - Client connected: pJihBoxyoyCaxpChAAAB
2026-09-14 06:35:36,150 - socketio.server - INFO - emitting event "connection_success" to pJihBoxyoyCaxpChAAAB [/]
2026-09-14 06:35:37,881 - socketio.server - INFO - received event "join_room" from pJihBoxyoyCaxpChAAAB [/]
2026-09-14 06:35:37,882 - socketio.server - INFO - pJihBoxyoyCaxpChAAAB is entering room 5PPER0AN [/]
2026-09-14 06:35:37,883 - socketio.server - INFO - emitting event "user_joined" to 5PPER0AN [/]
2026-09-14 06:35:37,883 - socketio.server - INFO - emitting event "room_participants" to pJihBoxyoyCaxpChAAAB [/]
2026-09-14 06:35:37,883 - call - INFO - User james_2003 joined room 5PPER0AN
2026-09-14 06:36:04,123 - socketio.server - INFO - received event "chat_message" from pJihBoxyoyCaxpChAAAB [/]
2026-09-14 06:36:04,126 - socketio.server - INFO - emitting event "chat_message" to 5PPER0AN [/]
2026-09-14 06:36:18,447 - socketio.server - INFO - received event "leave_room" from pJihBoxyoyCaxpChAAAB [/]
2026-09-14 06:36:18,516 - socketio.server - INFO - pJihBoxyoyCaxpChAAAB is leaving room 5PPER0AN [/]
2026-09-14 06:36:18,521 - socketio.server - INFO - emitting event "user_left" to 5PPER0AN [/]
2026-09-14 06:36:37,683 - __main__ - ERROR - Prediction error: 'charmap' codec can't encode characters in position 19-38: character maps to <undefined>
2026-09-14 06:36:38,847 - __main__ - ERROR - Prediction error: 'charmap' codec can't encode characters in position 19-38: character maps to <undefined>
2026-09-14 06:36:40,113 - __main__ - ERROR - Prediction error: 'charmap' codec can't encode characters in position 19-38: character maps to <undefined>
2026-09-14 06:36:41,527 - __main__ - ERROR - Prediction error: 'charmap' codec can't encode characters in position 19-38: character maps to <undefined>
2026-09-14 06:36:43,171 - __main__ - ERROR - Prediction error: 'charmap' codec can't encode characters in position 19-38: character maps to <undefined>
2026-09-14 06:36:44,456 - __main__ - ERROR - Prediction error: 'charmap' codec can't encode characters in position 19-38: character maps to <undefined>
2026-09-14 06:36:45,920 - __main__ - ERROR - Prediction error: 'charmap' codec can't encode characters in position 19-38: character maps to <undefined>
2026-09-14 06:36:47,449 - __main__ - ERROR - Prediction error: 'charmap' codec can't encode characters in position 19-38: character maps to <undefined>
2026-09-14 06:36:49,344 - __main__ - ERROR - Prediction error: 'charmap' codec can't encode characters in position 19-38: character maps to <undefined>
2026-09-14 06:36:50,763 - __main__ - ERROR - Prediction error: 'charmap' codec can't encode characters in position 19-38: character maps to <undefined>
2026-09-14 06:36:52,258 - __main__ - ERROR - Prediction error: 'charmap' codec can't encode characters in position 19-38: character maps to <undefined>
2026-09-14 06:36:53,825 - __main__ - ERROR - Prediction error: 'charmap' codec can't encode characters in position 19-38: character maps to <undefined>
2026-09-14 06:36:55,700 - __main__ - ERROR - Prediction error: 'charmap' codec can't encode characters in position 19-38: character maps to <undefined>
2026-09-14 06:36:57,764 - __main__ - ERROR - Prediction error: 'charmap' codec can't encode characters in position 19-38: character maps to <undefined>
2026-09-14 06:36:59,193 - __main__ - ERROR - Prediction error: 'charmap' codec can't encode characters in position 19-38: character maps to <undefined>
2026-09-14 06:37:00,646 - __main__ - ERROR - Prediction error: 'charmap' codec can't encode characters in position 19-38: character maps to <undefined>
2026-09-14 06:37:01,837 - __main__ - ERROR - Prediction error: 'charmap' codec can't encode characters in position 19-38: character maps to <undefined>
2026-09-14 06:37:03,225 - __main__ - ERROR - Prediction error: 'charmap' codec can't encode characters in position 19-38: character maps to <undefined>
2026-09-14 06:37:05,021 - __main__ - ERROR - Prediction error: 'charmap' codec can't encode characters in position 19-38: character maps to <undefined>
2026-09-14 06:37:05,951 - __main__ - ERROR - Prediction error: 'charmap' codec can't encode characters in position 19-38: character maps to <undefined>
2026-09-14 06:37:07,619 - __main__ - ERROR - Prediction error: 'charmap' codec can't encode characters in position 19-38: character maps to <undefined>
2026-09-14 06:37:09,260 - __main__ - ERROR - Prediction error: 'charmap' codec can't encode characters in position 19-38: character maps to <undefined>
2026-09-14 06:37:10,744 - __main__ - ERROR - Prediction error: 'charmap' codec can't encode characters in position 19-38: character maps to <undefined>
2026-09-14 06:37:11,879 - __main__ - ERROR - Prediction error: 'charmap' codec can't encode characters in position 19-38: character maps to <undefined>
2026-09-14 06:37:18,225 - __main__ - INFO - Room created successfully: U21BMQCN
2026-09-14 06:37:18,698 - call - INFO - Client connected: aK_hT4prX3SlLtTIAAAD
2026-09-14 06:37:18,698 - socketio.server - INFO - emitting event "connection_success" to aK_hT4prX3SlLtTIAAAD [/]
2026-09-14 06:37:19,586 - socketio.server - INFO - received event "join_room" from aK_hT4prX3SlLtTIAAAD [/]
2026-09-14 06:37:19,588 - socketio.server - INFO - aK_hT4prX3SlLtTIAAAD is entering room U21BMQCN [/]
2026-09-14 06:37:19,589 - socketio.server - INFO - emitting event "user_joined" to U21BMQCN [/]
2026-09-14 06:37:19,589 - socketio.server - INFO - emitting event "room_participants" to aK_hT4prX3SlLtTIAAAD [/]
2026-09-14 06:37:19,589 - call - INFO - User james_2003 joined room U21BMQCN
2026-09-14 06:37:28,566 - __main__ - ERROR - Prediction error: 'charmap' codec can't encode characters in position 19-38: character maps to <undefined>
2026-09-14 06:37:30,809 - __main__ - ERROR - Prediction error: 'charmap' codec can't encode characters in position 19-38: character maps to <undefined>
2026-09-14 06:38:18,703 - socketio.server - INFO - emitting event "user_left" to U21BMQCN [/]
2026-09-14 06:38:18,712 - call - INFO - User james_2003 disconnected from room U21BMQCN
